Test name:        Test #1
Test description: Verify average login times
Transaction name: Login
Expected result:  Average response time <= 4000
Actual result:    Average response time = 3583.2
Test result:      Pass


============= EXECUTION SUMMARY =============
Tests executed:    1
Tests passed:      1
Tests failed:      0
Tests with errors: 0
Test set status:   Pass
