Test name:        Test #4
Test description: Verify nth percentile
Transaction name: Search
Expected result:  80th percentile of transactions have response time <= 11244.2
Actual result:    80th percentile of transactions have response time = 11244.2
Test result:      Pass


============= EXECUTION SUMMARY =============
Tests executed:    1
Tests passed:      1
Tests failed:      0
Tests with errors: 0
Test set status:   Pass
